0 verbose cli /usr/local/bin/node /usr/local/bin/npm
1 info using npm@11.17.0
2 info using node@v22.23.0
3 silly config load:file:/usr/local/lib/node_modules/npm/npmrc
4 silly config load:file:/home/container/.npmrc
5 silly config load:file:/usr/local/etc/npmrc
6 verbose title npm install
7 verbose argv "install"
8 verbose logfile logs-max:10 dir:/home/container/.npm/_logs/2026-08-05T09_02_21_235Z-
9 verbose logfile /home/container/.npm/_logs/2026-08-05T09_02_21_235Z-debug-0.log
10 silly logfile start cleaning logs, removing 1 files
11 silly logfile done cleaning log files
12 silly packumentCache heap:271581184 maxSize:67895296 maxEntrySize:33947648
13 silly idealTree buildDeps
14 silly reify moves {}
15 silly audit bulk request {
15 silly audit   '@discordjs/builders': [ '1.14.1' ],
15 silly audit   '@discordjs/collection': [ '1.5.3', '2.1.1' ],
15 silly audit   '@discordjs/formatters': [ '0.6.2' ],
15 silly audit   '@discordjs/rest': [ '2.6.3' ],
15 silly audit   '@discordjs/util': [ '1.2.0' ],
15 silly audit   '@discordjs/ws': [ '1.2.3' ],
15 silly audit   '@sapphire/async-queue': [ '1.5.5' ],
15 silly audit   '@sapphire/shapeshift': [ '4.0.0' ],
15 silly audit   '@sapphire/snowflake': [ '3.5.5' ],
15 silly audit   '@types/node': [ '26.1.1' ],
15 silly audit   '@types/ws': [ '8.18.1' ],
15 silly audit   '@vladfrangu/async_event_emitter': [ '2.4.7' ],
15 silly audit   'better-sqlite3': [ '13.0.1' ],
15 silly audit   'data-uri-to-buffer': [ '4.0.1' ],
15 silly audit   'discord-api-types': [ '0.38.50' ],
15 silly audit   'discord.js': [ '14.27.0' ],
15 silly audit   dotenv: [ '17.4.2' ],
15 silly audit   'fast-deep-equal': [ '3.1.3' ],
15 silly audit   'fetch-blob': [ '3.2.0' ],
15 silly audit   'formdata-polyfill': [ '4.0.10' ],
15 silly audit   lodash: [ '4.18.1' ],
15 silly audit   'lodash.snakecase': [ '4.1.1' ],
15 silly audit   'magic-bytes.js': [ '1.13.0' ],
15 silly audit   'node-addon-api': [ '8.9.0' ],
15 silly audit   'node-domexception': [ '1.0.0' ],
15 silly audit   'node-fetch': [ '3.3.2' ],
15 silly audit   'ts-mixer': [ '6.0.4' ],
15 silly audit   tslib: [ '2.8.1' ],
15 silly audit   undici: [ '6.27.0' ],
15 silly audit   'undici-types': [ '8.3.0' ],
15 silly audit   'web-streams-polyfill': [ '3.3.3' ],
15 silly audit   ws: [ '8.21.1' ]
15 silly audit }
16 http fetch POST 200 https://registry.npmjs.org/-/npm/v1/security/advisories/bulk 341ms
17 silly audit report {
17 silly audit report   undici: [
17 silly audit report     {
17 silly audit report       id: 1130716,
17 silly audit report       url: 'https://github.com/advisories/GHSA-8xcm-r25x-g524',
17 silly audit report       title: 'undici vulnerable to downstream response desynchronization via retry interceptor',
17 silly audit report       severity: 'moderate',
17 silly audit report       vulnerable_versions: '<6.28.0',
17 silly audit report       cwe: [Array],
17 silly audit report       cvss: [Object]
17 silly audit report     },
17 silly audit report     {
17 silly audit report       id: 1130727,
17 silly audit report       url: 'https://github.com/advisories/GHSA-m8rv-5g2x-5cg5',
17 silly audit report       title: "undici vulnerable to CRLF Injection via blob-like body 'type' property",
17 silly audit report       severity: 'moderate',
17 silly audit report       vulnerable_versions: '<6.28.0',
17 silly audit report       cwe: [Array],
17 silly audit report       cvss: [Object]
17 silly audit report     },
17 silly audit report     {
17 silly audit report       id: 1130732,
17 silly audit report       url: 'https://github.com/advisories/GHSA-v3r7-h72x-cjcm',
17 silly audit report       title: 'undici vulnerable to cookie attribute injection via unsanitized domain and unparsed setCookie fields',
17 silly audit report       severity: 'moderate',
17 silly audit report       vulnerable_versions: '<6.28.0',
17 silly audit report       cwe: [Array],
17 silly audit report       cvss: [Object]
17 silly audit report     }
17 silly audit report   ]
17 silly audit report }
18 silly packumentCache corgi:https://registry.npmjs.org/undici cache-miss
19 http cache https://registry.npmjs.org/undici 34ms (cache hit)
20 silly packumentCache corgi:https://registry.npmjs.org/undici set size:455439 disposed:false
21 silly packumentCache corgi:https://registry.npmjs.org/@discordjs%2frest cache-miss
22 silly packumentCache corgi:https://registry.npmjs.org/discord.js cache-miss
23 http cache https://registry.npmjs.org/@discordjs%2frest 42ms (cache hit)
24 silly packumentCache corgi:https://registry.npmjs.org/@discordjs%2frest set size:2936116 disposed:false
25 http cache https://registry.npmjs.org/discord.js 330ms (cache hit)
26 silly packumentCache corgi:https://registry.npmjs.org/discord.js set size:4078964 disposed:false
27 warn allow-scripts 1 package has install scripts not yet covered by allowScripts:
27 warn allow-scripts   better-sqlite3@13.0.1 (install: node-gyp rebuild)
27 warn allow-scripts
27 warn allow-scripts Run `npm approve-scripts --allow-scripts-pending` to review, or `npm approve-scripts <pkg>` to allow.
28 verbose cwd /home/container
29 verbose os Linux 7.0.6-2-pve
30 verbose node v22.23.0
31 verbose npm  v11.17.0
32 verbose exit 0
33 info ok
